Nothing to build in platform 'mb_design_wrapper'

14:08:13 **** Incremental Build of configuration Debug for project CountDownTimerApp ****
make all 
Building file: ../src/helloworld.c
Invoking: MicroBlaze gcc compiler
mb-gcc -Wall -O0 -g3 -c -fmessage-length=0 -MT"src/helloworld.o" -I/home/gabriel/UA/4Ano/CR/CountDownTimerSoftware/mb_design_wrapper/export/mb_design_wrapper/sw/mb_design_wrapper/standalone_domain/bspinclude/include -mlittle-endian -mxl-barrel-shift -mno-xl-soft-div -mcpu=v11.0 -mno-xl-soft-mul -Wl,--no-relax -ffunction-sections -fdata-sections -MMD -MP -MF"src/helloworld.d" -MT"src/helloworld.o" -o "src/helloworld.o" "../src/helloworld.c"
Finished building: ../src/helloworld.c
 
Building target: CountDownTimerApp.elf
Invoking: MicroBlaze gcc linker
mb-gcc -Wl,-T -Wl,../src/lscript.ld -L/home/gabriel/UA/4Ano/CR/CountDownTimerSoftware/mb_design_wrapper/export/mb_design_wrapper/sw/mb_design_wrapper/standalone_domain/bsplib/lib -mlittle-endian -mxl-barrel-shift -mno-xl-soft-div -mcpu=v11.0 -mno-xl-soft-mul -Wl,--no-relax -Wl,--gc-sections -o "CountDownTimerApp.elf"  ./src/helloworld.o ./src/platform.o   -Wl,--start-group,-lxil,-lgcc,-lc,--end-group
Finished building target: CountDownTimerApp.elf
 
Invoking: MicroBlaze Print Size
mb-size CountDownTimerApp.elf  |tee "CountDownTimerApp.elf.size"
   text	   data	    bss	    dec	    hex	filename
   6136	    364	   3116	   9616	   2590	CountDownTimerApp.elf
Finished building: CountDownTimerApp.elf.size
 
